// Jest Snapshot v1, https://goo.gl/fbAQLP

exports[`Myprofile Component Correct render of Myprofile 1`] = `
Object {
  "asFragment": [Function],
  "baseElement": <body>
    <div>
      <div>
        <div
          class="mt-5 flex mx-auto w-11/12 space-x-5"
        >
          <div
            class="w-1/2"
          >
            <p
              class="font-thin text-3xl"
            >
              My Missions
            </p>
            <div
              class="border mt-3 rounded"
            />
          </div>
          <div
            class="w-1/2"
          >
            <p
              class="font-thin text-3xl"
            >
              My Rockets
            </p>
            <div
              class="border mt-3 rounded"
            />
          </div>
        </div>
      </div>
    </div>
  </body>,
  "container": <div>
    <div>
      <div
        class="mt-5 flex mx-auto w-11/12 space-x-5"
      >
        <div
          class="w-1/2"
        >
          <p
            class="font-thin text-3xl"
          >
            My Missions
          </p>
          <div
            class="border mt-3 rounded"
          />
        </div>
        <div
          class="w-1/2"
        >
          <p
            class="font-thin text-3xl"
          >
            My Rockets
          </p>
          <div
            class="border mt-3 rounded"
          />
        </div>
      </div>
    </div>
  </div>,
  "debug": [Function],
  "findAllByAltText": [Function],
  "findAllByDisplayValue": [Function],
  "findAllByLabelText": [Function],
  "findAllByPlaceholderText": [Function],
  "findAllByRole": [Function],
  "findAllByTestId": [Function],
  "findAllByText": [Function],
  "findAllByTitle": [Function],
  "findByAltText": [Function],
  "findByDisplayValue": [Function],
  "findByLabelText": [Function],
  "findByPlaceholderText": [Function],
  "findByRole": [Function],
  "findByTestId": [Function],
  "findByText": [Function],
  "findByTitle": [Function],
  "getAllByAltText": [Function],
  "getAllByDisplayValue": [Function],
  "getAllByLabelText": [Function],
  "getAllByPlaceholderText": [Function],
  "getAllByRole": [Function],
  "getAllByTestId": [Function],
  "getAllByText": [Function],
  "getAllByTitle": [Function],
  "getByAltText": [Function],
  "getByDisplayValue": [Function],
  "getByLabelText": [Function],
  "getByPlaceholderText": [Function],
  "getByRole": [Function],
  "getByTestId": [Function],
  "getByText": [Function],
  "getByTitle": [Function],
  "queryAllByAltText": [Function],
  "queryAllByDisplayValue": [Function],
  "queryAllByLabelText": [Function],
  "queryAllByPlaceholderText": [Function],
  "queryAllByRole": [Function],
  "queryAllByTestId": [Function],
  "queryAllByText": [Function],
  "queryAllByTitle": [Function],
  "queryByAltText": [Function],
  "queryByDisplayValue": [Function],
  "queryByLabelText": [Function],
  "queryByPlaceholderText": [Function],
  "queryByRole": [Function],
  "queryByTestId": [Function],
  "queryByText": [Function],
  "queryByTitle": [Function],
  "rerender": [Function],
  "unmount": [Function],
}
`;
